
> rise-motive-be@1.0.0 build
> prisma generate && tsoa spec-and-routes && tsc

node.exe : Loaded 
Prisma config from 
prisma.config.ts.
At line:1 char:1
+ & "C:\Program 
Files\nodejs/node.exe" 
"C:\Program 
Files\nodejs/node_mo 
...
+ ~~~~~~~~~~~~~~~~~~~~~
~~~~~~~~~~~~~~~~~~~~~~~
~~~~~~~~~~~~~~~~~~~~~~~
~~
    + CategoryInfo     
         : 
NotSpecified: (L    
oaded Prisma c...isma  
  .config.ts.:String) 
[    ], RemoteException
    + 
FullyQualifiedError    
Id : NativeCommandErr  
  or
 

Prisma schema loaded 
from 
prisma\schema.prisma.

Γ£ö Generated Prisma Client (v7.6.0) to .\node_modules\@prisma\client in 164ms

Start by importing your Prisma Client (See: https://pris.ly/d/importing-client)


src/controllers/serviceRequest.controller.ts(45,28): error TS2345: Argument of type 'ApiResponse<{ tasker: { phone: string; email: string | null; createdAt: Date; id: number; name: string; specialties: string; isActive: boolean; } | null; statusHistory: { status: RequestStatus; createdAt: Date; id: number; note: string | null; serviceRequestId: number; }[]; } & { ...; }>' is not assignable to parameter of type 'ApiResponse<ServiceRequestResponse>'.
  Type '{ tasker: { phone: string; email: string | null; createdAt: Date; id: number; name: string; specialties: string; isActive: boolean; } | null; statusHistory: { status: RequestStatus; createdAt: Date; id: number; note: string | null; serviceRequestId: number; }[]; } & { ...; }' is not assignable to type 'ServiceRequestResponse'.
    Types of property 'service' are incompatible.
      Type 'string | null' is not assignable to type 'string'.
        Type 'null' is not assignable to type 'string'.
src/controllers/serviceRequest.controller.ts(59,28): error TS2345: Argument of type 'ApiResponse<{ tasker: { phone: string; name: string; } | null; statusHistory: { status: RequestStatus; createdAt: Date; id: number; note: string | null; serviceRequestId: number; }[]; } & { ...; }>' is not assignable to parameter of type 'ApiResponse<ServiceRequestResponse>'.
  Type '{ tasker: { phone: string; name: string; } | null; statusHistory: { status: RequestStatus; createdAt: Date; id: number; note: string | null; serviceRequestId: number; }[]; } & { ...; }' is not assignable to type 'ServiceRequestResponse'.
    Types of property 'service' are incompatible.
      Type 'string | null' is not assignable to type 'string'.
        Type 'null' is not assignable to type 'string'.
src/controllers/serviceRequest.controller.ts(73,28): error TS2345: Argument of type 'ApiResponse<({ tasker: { phone: string; email: string | null; name: string; } | null; statusHistory: { status: RequestStatus; createdAt: Date; id: number; note: string | null; serviceRequestId: number; }[]; } & { ...; })[]>' is not assignable to parameter of type 'ApiResponse<ServiceRequestResponse[]>'.
  Type '({ tasker: { phone: string; email: string | null; name: string; } | null; statusHistory: { status: RequestStatus; createdAt: Date; id: number; note: string | null; serviceRequestId: number; }[]; } & { ...; })[]' is not assignable to type 'ServiceRequestResponse[]'.
    Type '{ tasker: { phone: string; email: string | null; name: string; } | null; statusHistory: { status: RequestStatus; createdAt: Date; id: number; note: string | null; serviceRequestId: number; }[]; } & { ...; }' is not assignable to type 'ServiceRequestResponse'.
      Types of property 'service' are incompatible.
        Type 'string | null' is not assignable to type 'string'.
          Type 'null' is not assignable to type 'string'.
src/controllers/serviceRequest.controller.ts(87,28): error TS2345: Argument of type 'ApiResponse<{ tasker: { phone: string; email: string | null; createdAt: Date; id: number; name: string; specialties: string; isActive: boolean; } | null; statusHistory: { status: RequestStatus; createdAt: Date; id: number; note: string | null; serviceRequestId: number; }[]; smsLogs: { ...; }[]; } & { ...; }>' is not assignable to parameter of type 'ApiResponse<ServiceRequestResponse>'.
  Type '{ tasker: { phone: string; email: string | null; createdAt: Date; id: number; name: string; specialties: string; isActive: boolean; } | null; statusHistory: { status: RequestStatus; createdAt: Date; id: number; note: string | null; serviceRequestId: number; }[]; smsLogs: { ...; }[]; } & { ...; }' is not assignable to type 'ServiceRequestResponse'.
    Types of property 'service' are incompatible.
      Type 'string | null' is not assignable to type 'string'.
        Type 'null' is not assignable to type 'string'.
src/controllers/serviceRequest.controller.ts(102,28): error TS2345: Argument of type 'ApiResponse<{ tasker: { phone: string; email: string | null; createdAt: Date; id: number; name: string; specialties: string; isActive: boolean; } | null; statusHistory: { status: RequestStatus; createdAt: Date; id: number; note: string | null; serviceRequestId: number; }[]; } & { ...; }>' is not assignable to parameter of type 'ApiResponse<ServiceRequestResponse>'.
  Type '{ tasker: { phone: string; email: string | null; createdAt: Date; id: number; name: string; specialties: string; isActive: boolean; } | null; statusHistory: { status: RequestStatus; createdAt: Date; id: number; note: string | null; serviceRequestId: number; }[]; } & { ...; }' is not assignable to type 'ServiceRequestResponse'.
    Types of property 'service' are incompatible.
      Type 'string | null' is not assignable to type 'string'.
        Type 'null' is not assignable to type 'string'.
src/services/email.service.ts(37,7): error TS2322: Type 'string | null' is not assignable to type 'string'.
  Type 'null' is not assignable to type 'string'.
src/services/email.service.ts(40,7): error TS2322: Type 'string | null' is not assignable to type 'string'.
  Type 'null' is not assignable to type 'string'.
src/services/email.service.ts(50,9): error TS2322: Type 'string | null' is not assignable to type 'string'.
  Type 'null' is not assignable to type 'string'.
src/services/email.service.ts(52,9): error TS2322: Type 'string | null' is not assignable to type 'string'.
  Type 'null' is not assignable to type 'string'.
